
> clockin@0.1.0 build
> next build

Γû▓ Next.js 16.2.6 (Turbopack)
- Environments: .env.local

  Creating an optimized production build ...
Γ£ô Compiled successfully in 8.1s
  Running TypeScript ...
node.exe : Failed to type check.
At line:1 char:1
+ & "C:\Program Files\nodejs/node.exe" "C:\Users\Takoyaki\AppData\Roami ...
+ ~~~~~~~~~~~~~~~~~~~~~~~~~~~~~~~~~~~~~~~~~~~~~~~~~~~~~~~~~~~~~~~~~~~~~
    + CategoryInfo          : NotSpecified: (Failed to type check.:String) [], RemoteException
    + FullyQualifiedErrorId : NativeCommandError
 

./src/app/log/page.tsx:2:23
Type error: File 'F:/CODES/Clockin/src/components/AuthGuard.tsx' is not a module.

  [90m1 |[0m [32m'use client'[0m
[31m[1m>[0m [90m2 |[0m [36mimport[0m [33mAuthGuard[0m [36mfrom[0m [32m'@/components/AuthGuard'[0m
  [90m  |[0m                       [31m[1m^[0m
  [90m3 |[0m [36mimport[0m [33mSidebar[0m [36mfrom[0m [32m'@/components/layout/Sidebar'[0m
  [90m4 |[0m [36mimport[0m [33mTopBar[0m [36mfrom[0m [32m'@/components/layout/TopBar'[0m
  [90m5 |[0m [36mimport[0m { useApp } [36mfrom[0m [32m'@/context/AppContext'[0m
Next.js build worker exited with code: 1 and signal: null
